Input size: 3
Output size: 3
